
> ai-agent-frontend@0.1.0 build
> next build

  Γû▓ Next.js 14.2.33
  - Environments: .env

   Creating an optimized production build ...
node.exe : Failed to compile.
At line:1 char:1
+ & "C:\Program Files\nodejs/node.exe" "C:\Program 
Files\nodejs/node_mo ...
+ ~~~~~~~~~~~~~~~~~~~~~~~~~~~~~~~~~~~~~~~~~~~~~~~~~~~~~~~~~~~~
~~~~~~~~~
    + CategoryInfo          : NotSpecified: (Failed to compil 
   e.:String) [], RemoteException
    + FullyQualifiedErrorId : NativeCommandError
 

./styles/globals.css.webpack[javascript/auto]!=!./node_modules
/next/dist/build/webpack/loaders/css-loader/src/index.js??rule
Set[1].rules[14].oneOf[12].use[2]!./node_modules/next/dist/bui
ld/webpack/loaders/postcss-loader/src/index.js??ruleSet[1].rul
es[14].oneOf[12].use[3]!./styles/globals.css
Error: Cannot find module '@tailwindcss/postcss'
Require stack:
- C:\Users\Hope\Documents\shiny-friend-disco\frontend\node_mod
ules\next\dist\build\webpack\config\blocks\css\plugins.js
- C:\Users\Hope\Documents\shiny-friend-disco\frontend\node_mod
ules\next\dist\build\webpack\config\blocks\css\index.js
- C:\Users\Hope\Documents\shiny-friend-disco\frontend\node_mod
ules\next\dist\build\webpack\config\index.js
- C:\Users\Hope\Documents\shiny-friend-disco\frontend\node_mod
ules\next\dist\build\webpack-config.js
- C:\Users\Hope\Documents\shiny-friend-disco\frontend\node_mod
ules\next\dist\build\webpack-build\impl.js
- C:\Users\Hope\Documents\shiny-friend-disco\frontend\node_mod
ules\next\dist\compiled\jest-worker\processChild.js
    at Function.<anonymous> 
(node:internal/modules/cjs/loader:1383:15)
    at C:\Users\Hope\Documents\shiny-friend-disco\frontend\nod
e_modules\next\dist\server\require-hook.js:55:36
    at Function.resolve (node:internal/modules/helpers:157:19)
    at loadPlugin (C:\Users\Hope\Documents\shiny-friend-disco\
frontend\node_modules\next\dist\build\webpack\config\blocks\cs
s\plugins.js:49:32)
    at C:\Users\Hope\Documents\shiny-friend-disco\frontend\nod
e_modules\next\dist\build\webpack\config\blocks\css\plugins.js
:157:56
    at Array.map (<anonymous>)
    at getPostCssPlugins (C:\Users\Hope\Documents\shiny-friend
-disco\frontend\node_modules\next\dist\build\webpack\config\bl
ocks\css\plugins.js:157:47)
    at async C:\Users\Hope\Documents\shiny-friend-disco\fronte
nd\node_modules\next\dist\build\webpack\config\blocks\css\inde
x.js:124:36
    at async C:\Users\Hope\Documents\shiny-friend-disco\fronte
nd\node_modules\next\dist\build\webpack\loaders\postcss-loader
\src\index.js:51:40
    at async Span.traceAsyncFn (C:\Users\Hope\Documents\shiny-
friend-disco\frontend\node_modules\next\dist\trace\trace.js:15
4:20)

Import trace for requested module:
./styles/globals.css.webpack[javascript/auto]!=!./node_modules
/next/dist/build/webpack/loaders/css-loader/src/index.js??rule
Set[1].rules[14].oneOf[12].use[2]!./node_modules/next/dist/bui
ld/webpack/loaders/postcss-loader/src/index.js??ruleSet[1].rul
es[14].oneOf[12].use[3]!./styles/globals.css
./styles/globals.css

./styles/globals.css
Error: Cannot find module '@tailwindcss/postcss'
Require stack:
- C:\Users\Hope\Documents\shiny-friend-disco\frontend\node_mod
ules\next\dist\build\webpack\config\blocks\css\plugins.js
- C:\Users\Hope\Documents\shiny-friend-disco\frontend\node_mod
ules\next\dist\build\webpack\config\blocks\css\index.js
- C:\Users\Hope\Documents\shiny-friend-disco\frontend\node_mod
ules\next\dist\build\webpack\config\index.js
- C:\Users\Hope\Documents\shiny-friend-disco\frontend\node_mod
ules\next\dist\build\webpack-config.js
- C:\Users\Hope\Documents\shiny-friend-disco\frontend\node_mod
ules\next\dist\build\webpack-build\impl.js
- C:\Users\Hope\Documents\shiny-friend-disco\frontend\node_mod
ules\next\dist\compiled\jest-worker\processChild.js
    at Function.<anonymous> 
(node:internal/modules/cjs/loader:1383:15)
    at C:\Users\Hope\Documents\shiny-friend-disco\frontend\nod
e_modules\next\dist\server\require-hook.js:55:36
    at Function.resolve (node:internal/modules/helpers:157:19)
    at loadPlugin (C:\Users\Hope\Documents\shiny-friend-disco\
frontend\node_modules\next\dist\build\webpack\config\blocks\cs
s\plugins.js:49:32)
    at C:\Users\Hope\Documents\shiny-friend-disco\frontend\nod
e_modules\next\dist\build\webpack\config\blocks\css\plugins.js
:157:56
    at Array.map (<anonymous>)
    at getPostCssPlugins (C:\Users\Hope\Documents\shiny-friend
-disco\frontend\node_modules\next\dist\build\webpack\config\bl
ocks\css\plugins.js:157:47)
    at async C:\Users\Hope\Documents\shiny-friend-disco\fronte
nd\node_modules\next\dist\build\webpack\config\blocks\css\inde
x.js:124:36
    at async C:\Users\Hope\Documents\shiny-friend-disco\fronte
nd\node_modules\next\dist\build\webpack\loaders\postcss-loader
\src\index.js:51:40
    at async Span.traceAsyncFn (C:\Users\Hope\Documents\shiny-
friend-disco\frontend\node_modules\next\dist\trace\trace.js:15
4:20)
    at tryRunOrWebpackError (C:\Users\Hope\Documents\shiny-fri
end-disco\frontend\node_modules\next\dist\compiled\webpack\bun
dle5.js:38:39087)
    at __webpack_require_module__ (C:\Users\Hope\Documents\shi
ny-friend-disco\frontend\node_modules\next\dist\compiled\webpa
ck\bundle5.js:30:131165)
    at __nested_webpack_require_153728__ (C:\Users\Hope\Docume
nts\shiny-friend-disco\frontend\node_modules\next\dist\compile
d\webpack\bundle5.js:30:130607)
    at C:\Users\Hope\Documents\shiny-friend-disco\frontend\nod
e_modules\next\dist\compiled\webpack\bundle5.js:30:131454
    at symbolIterator (C:\Users\Hope\Documents\shiny-friend-di
sco\frontend\node_modules\next\dist\compiled\neo-async\async.j
s:1:14444)
    at done (C:\Users\Hope\Documents\shiny-friend-disco\fronte
nd\node_modules\next\dist\compiled\neo-async\async.js:1:14824)
    at Hook.eval [as callAsync] (eval at create (C:\Users\Hope
\Documents\shiny-friend-disco\frontend\node_modules\next\dist\
compiled\webpack\bundle5.js:15:28858), <anonymous>:15:1)
    at Hook.CALL_ASYNC_DELEGATE [as _callAsync] (C:\Users\Hope
\Documents\shiny-friend-disco\frontend\node_modules\next\dist\
compiled\webpack\bundle5.js:15:26012)
    at C:\Users\Hope\Documents\shiny-friend-disco\frontend\nod
e_modules\next\dist\compiled\webpack\bundle5.js:30:130328
    at symbolIterator (C:\Users\Hope\Documents\shiny-friend-di
sco\frontend\node_modules\next\dist\compiled\neo-async\async.j
s:1:14402)
-- inner error --
Error: Cannot find module '@tailwindcss/postcss'
Require stack:
- C:\Users\Hope\Documents\shiny-friend-disco\frontend\node_mod
ules\next\dist\build\webpack\config\blocks\css\plugins.js
- C:\Users\Hope\Documents\shiny-friend-disco\frontend\node_mod
ules\next\dist\build\webpack\config\blocks\css\index.js
- C:\Users\Hope\Documents\shiny-friend-disco\frontend\node_mod
ules\next\dist\build\webpack\config\index.js
- C:\Users\Hope\Documents\shiny-friend-disco\frontend\node_mod
ules\next\dist\build\webpack-config.js
- C:\Users\Hope\Documents\shiny-friend-disco\frontend\node_mod
ules\next\dist\build\webpack-build\impl.js
- C:\Users\Hope\Documents\shiny-friend-disco\frontend\node_mod
ules\next\dist\compiled\jest-worker\processChild.js
    at Function.<anonymous> 
(node:internal/modules/cjs/loader:1383:15)
    at C:\Users\Hope\Documents\shiny-friend-disco\frontend\nod
e_modules\next\dist\server\require-hook.js:55:36
    at Function.resolve (node:internal/modules/helpers:157:19)
    at loadPlugin (C:\Users\Hope\Documents\shiny-friend-disco\
frontend\node_modules\next\dist\build\webpack\config\blocks\cs
s\plugins.js:49:32)
    at C:\Users\Hope\Documents\shiny-friend-disco\frontend\nod
e_modules\next\dist\build\webpack\config\blocks\css\plugins.js
:157:56
    at Array.map (<anonymous>)
    at getPostCssPlugins (C:\Users\Hope\Documents\shiny-friend
-disco\frontend\node_modules\next\dist\build\webpack\config\bl
ocks\css\plugins.js:157:47)
    at async C:\Users\Hope\Documents\shiny-friend-disco\fronte
nd\node_modules\next\dist\build\webpack\config\blocks\css\inde
x.js:124:36
    at async C:\Users\Hope\Documents\shiny-friend-disco\fronte
nd\node_modules\next\dist\build\webpack\loaders\postcss-loader
\src\index.js:51:40
    at async Span.traceAsyncFn (C:\Users\Hope\Documents\shiny-
friend-disco\frontend\node_modules\next\dist\trace\trace.js:15
4:20)
    at Object.<anonymous> (C:\Users\Hope\Documents\shiny-frien
d-disco\frontend\node_modules\next\dist\build\webpack\loaders\
css-loader\src\index.js??ruleSet[1].rules[14].oneOf[12].use[2]
!C:\Users\Hope\Documents\shiny-friend-disco\frontend\node_modu
les\next\dist\build\webpack\loaders\postcss-loader\src\index.j
s??ruleSet[1].rules[14].oneOf[12].use[3]!C:\Users\Hope\Documen
ts\shiny-friend-disco\frontend\styles\globals.css:1:7)
    at C:\Users\Hope\Documents\shiny-friend-disco\frontend\nod
e_modules\next\dist\compiled\webpack\bundle5.js:38:648591
    at Hook.eval [as call] (eval at create (C:\Users\Hope\Docu
ments\shiny-friend-disco\frontend\node_modules\next\dist\compi
led\webpack\bundle5.js:15:28636), <anonymous>:7:1)
    at Hook.CALL_DELEGATE [as _call] (C:\Users\Hope\Documents\
shiny-friend-disco\frontend\node_modules\next\dist\compiled\we
bpack\bundle5.js:15:25906)
    at C:\Users\Hope\Documents\shiny-friend-disco\frontend\nod
e_modules\next\dist\compiled\webpack\bundle5.js:30:131198
    at tryRunOrWebpackError (C:\Users\Hope\Documents\shiny-fri
end-disco\frontend\node_modules\next\dist\compiled\webpack\bun
dle5.js:38:39041)
    at __webpack_require_module__ (C:\Users\Hope\Documents\shi
ny-friend-disco\frontend\node_modules\next\dist\compiled\webpa
ck\bundle5.js:30:131165)
    at __nested_webpack_require_153728__ (C:\Users\Hope\Docume
nts\shiny-friend-disco\frontend\node_modules\next\dist\compile
d\webpack\bundle5.js:30:130607)
    at C:\Users\Hope\Documents\shiny-friend-disco\frontend\nod
e_modules\next\dist\compiled\webpack\bundle5.js:30:131454
    at symbolIterator (C:\Users\Hope\Documents\shiny-friend-di
sco\frontend\node_modules\next\dist\compiled\neo-async\async.j
s:1:14444)

Generated code for C:\Users\Hope\Documents\shiny-friend-disco\
frontend\node_modules\next\dist\build\webpack\loaders\css-load
er\src\index.js??ruleSet[1].rules[14].oneOf[12].use[2]!C:\User
s\Hope\Documents\shiny-friend-disco\frontend\node_modules\next
\dist\build\webpack\loaders\postcss-loader\src\index.js??ruleS
et[1].rules[14].oneOf[12].use[3]!C:\Users\Hope\Documents\shiny
-friend-disco\frontend\styles\globals.css

Import trace for requested module:
./styles/globals.css


> Build failed because of webpack errors
